# crrg-classical build log
# lean: Lean (version 4.30.0, arm64-apple-darwin24.6.0, commit d024af099ca4bf2c86f649261ebf59565dc8c622, Release)
## lake build
info: CRRGClassical/Axioms.lean:52:0: 'CRRGClassical.no_ingredient_refused' depends on axioms: [propext]
info: CRRGClassical/Axioms.lean:53:0: 'CRRGClassical.admitted_cites_new' depends on axioms: [propext, Quot.sound]
Build completed successfully (1015 jobs).
exit: 0
## axioms (lake env lean CRRGClassical/Axioms.lean)
'CRRGClassical.Step.wf'' depends on axioms: [propext, Classical.choice, Quot.sound]
'CRRGClassical.permStep_iff_cutExpand' depends on axioms: [propext, Classical.choice, Quot.sound]
'CRRGClassical.dmlt_iff_transGen' depends on axioms: [propext, Classical.choice, Quot.sound]
'CRRGClassical.transGen_cutExpand_iff_isDM' depends on axioms: [propext, Classical.choice, Quot.sound]
'CRRGClassical.dmlt_iff_isDM' depends on axioms: [propext, Classical.choice, Quot.sound]
'CRRGClassical.DMLt.wf'' depends on axioms: [propext, Classical.choice, Quot.sound]
'CRRGClassical.no_infinite_credits' depends on axioms: [propext, Classical.choice, Quot.sound]
'CRRGClassical.core_credit_classical' depends on axioms: [propext, Classical.choice, Quot.sound]
'CRRGClassical.core_commit_classical' depends on axioms: [propext, Classical.choice, Quot.sound]
'CRRGClassical.core_no_infinite_credits_classical' depends on axioms: [propext, Classical.choice, Quot.sound]
'CRRGClassical.withCert_credited' depends on axioms: [propext, Classical.choice, Quot.sound]
'CRRGClassical.runner_credit_sound' depends on axioms: [propext, Classical.choice, Quot.sound]
'CRRGClassical.creditOf_sound_classical' depends on axioms: [propext, Classical.choice, Quot.sound]
'CRRGClassical.commit_credit_record_classical' depends on axioms: [propext, Classical.choice, Quot.sound]
'CRRGClassical.easierSucc_wf_classical' depends on axioms: [propext, Classical.choice, Quot.sound]
'CRRGClassical.recordRun_of_advance' depends on axioms: [propext, Classical.choice, Quot.sound]
'CRRGClassical.no_infinite_credits_state' depends on axioms: [propext, Classical.choice, Quot.sound]
'CRRGClassical.Region.admit_comm' depends on axioms: [propext, Classical.choice, Quot.sound]
'CRRGClassical.admit_pointwise'' depends on axioms: [propext, Classical.choice, Quot.sound]
'CRRGClassical.admit_members'' depends on axioms: [propext, Classical.choice, Quot.sound]
'CRRGClassical.admit_nondischarging'' depends on axioms: [propext, Classical.choice, Quot.sound]
'CRRGClassical.admit_exclusion'' depends on axioms: [propext, Classical.choice, Quot.sound]
'CRRGClassical.admit_monotone' depends on axioms: [propext, Classical.choice, Quot.sound]
'CRRGClassical.admit_comm' depends on axioms: [propext, Classical.choice, Quot.sound]
'CRRGClassical.admitAll_perm' depends on axioms: [propext, Classical.choice, Quot.sound]
'CRRGClassical.demo_orders_agree' depends on axioms: [propext, Classical.choice, Quot.sound]
'CRRGClassical.demo_any_order' depends on axioms: [propext, Classical.choice, Quot.sound]
'CRRGClassical.demo_x_after_two' depends on axioms: [propext, Classical.choice, Quot.sound]
'CRRGClassical.demo_x_closed' depends on axioms: [propext, Classical.choice, Quot.sound]
'CRRGClassical.demo_y_after' depends on axioms: [propext, Classical.choice, Quot.sound]
'CRRGClassical.CertRoute.closes' depends on axioms: [propext, Quot.sound]
'CRRGClassical.commit_transition' depends on axioms: [propext, Quot.sound]
'CRRGClassical.Converse.card_listAt_eq' depends on axioms: [propext, Classical.choice, Quot.sound]
'CRRGClassical.Converse.classCap_iff_listBound' depends on axioms: [propext, Classical.choice, Quot.sound]
'CRRGClassical.progress_unparks' depends on axioms: [propext, Quot.sound]
'CRRGClassical.parked_last_dry' depends on axioms: [propext, Classical.choice, Quot.sound]
'CRRGClassical.eventually_parked' depends on axioms: [propext, Quot.sound]
'CRRGClassical.unparked_needs_conflicts' depends on axioms: [propext, Classical.choice, Quot.sound]
'CRRGClassical.record_frontier_credit' depends on axioms: [propext]
'CRRGClassical.recordAll_state' depends on axioms: [propext]
'CRRGClassical.no_ingredient_refused' depends on axioms: [propext]
'CRRGClassical.admitted_cites_new' depends on axioms: [propext, Quot.sound]
