# crrg-classical build log
# lean: Lean (version 4.30.0, arm64-apple-darwin24.6.0, commit d024af099ca4bf2c86f649261ebf59565dc8c622, Release)
## lake build
info: CRRGClassical/Axioms.lean:80:0: 'CRRGClassical.RegionProgress.split_weight_conserved' depends on axioms: [propext, Classical.choice, Quot.sound]
info: CRRGClassical/Axioms.lean:81:0: 'CRRGClassical.RegionProgress.close_weight_decreases' depends on axioms: [propext, Classical.choice, Quot.sound]
Build completed successfully (1019 jobs).
exit: 0
## axioms (lake env lean CRRGClassical/Axioms.lean)
'CRRGClassical.Step.wf'' depends on axioms: [propext, Classical.choice, Quot.sound]
'CRRGClassical.permStep_iff_cutExpand' depends on axioms: [propext, Classical.choice, Quot.sound]
'CRRGClassical.dmlt_iff_transGen' depends on axioms: [propext, Classical.choice, Quot.sound]
'CRRGClassical.transGen_cutExpand_iff_isDM' depends on axioms: [propext, Classical.choice, Quot.sound]
'CRRGClassical.dmlt_iff_isDM' depends on axioms: [propext, Classical.choice, Quot.sound]
'CRRGClassical.DMLt.wf'' depends on axioms: [propext, Classical.choice, Quot.sound]
'CRRGClassical.no_infinite_credits' depends on axioms: [propext, Classical.choice, Quot.sound]
'CRRGClassical.core_credit_classical' depends on axioms: [propext, Classical.choice, Quot.sound]
'CRRGClassical.core_commit_classical' depends on axioms: [propext, Classical.choice, Quot.sound]
'CRRGClassical.core_no_infinite_credits_classical' depends on axioms: [propext, Classical.choice, Quot.sound]
'CRRGClassical.withCert_credited' depends on axioms: [propext, Classical.choice, Quot.sound]
'CRRGClassical.runner_credit_sound' depends on axioms: [propext, Classical.choice, Quot.sound]
'CRRGClassical.creditOf_sound_classical' depends on axioms: [propext, Classical.choice, Quot.sound]
'CRRGClassical.commit_credit_record_classical' depends on axioms: [propext, Classical.choice, Quot.sound]
'CRRGClassical.easierSucc_wf_classical' depends on axioms: [propext, Classical.choice, Quot.sound]
'CRRGClassical.recordRun_of_advance' depends on axioms: [propext, Classical.choice, Quot.sound]
'CRRGClassical.no_infinite_credits_state' depends on axioms: [propext, Classical.choice, Quot.sound]
'CRRGClassical.Region.admit_comm' depends on axioms: [propext, Classical.choice, Quot.sound]
'CRRGClassical.admit_pointwise'' depends on axioms: [propext, Classical.choice, Quot.sound]
'CRRGClassical.admit_members'' depends on axioms: [propext, Classical.choice, Quot.sound]
'CRRGClassical.admit_nondischarging'' depends on axioms: [propext, Classical.choice, Quot.sound]
'CRRGClassical.admit_exclusion'' depends on axioms: [propext, Classical.choice, Quot.sound]
'CRRGClassical.admit_monotone' depends on axioms: [propext, Classical.choice, Quot.sound]
'CRRGClassical.admit_comm' depends on axioms: [propext, Classical.choice, Quot.sound]
'CRRGClassical.admitAll_perm' depends on axioms: [propext, Classical.choice, Quot.sound]
'CRRGClassical.demo_orders_agree' depends on axioms: [propext, Classical.choice, Quot.sound]
'CRRGClassical.demo_any_order' depends on axioms: [propext, Classical.choice, Quot.sound]
'CRRGClassical.demo_x_after_two' depends on axioms: [propext, Classical.choice, Quot.sound]
'CRRGClassical.demo_x_closed' depends on axioms: [propext, Classical.choice, Quot.sound]
'CRRGClassical.demo_y_after' depends on axioms: [propext, Classical.choice, Quot.sound]
'CRRGClassical.CertRoute.closes' depends on axioms: [propext, Quot.sound]
'CRRGClassical.commit_transition' depends on axioms: [propext, Quot.sound]
'CRRGClassical.Converse.card_listAt_eq' depends on axioms: [propext, Classical.choice, Quot.sound]
'CRRGClassical.Converse.classCap_iff_listBound' depends on axioms: [propext, Classical.choice, Quot.sound]
'CRRGClassical.progress_unparks' depends on axioms: [propext, Quot.sound]
'CRRGClassical.parked_last_dry' depends on axioms: [propext, Classical.choice, Quot.sound]
'CRRGClassical.eventually_parked' depends on axioms: [propext, Quot.sound]
'CRRGClassical.unparked_needs_conflicts' depends on axioms: [propext, Classical.choice, Quot.sound]
'CRRGClassical.record_frontier_credit' depends on axioms: [propext]
'CRRGClassical.recordAll_state' depends on axioms: [propext]
'CRRGClassical.no_ingredient_refused' depends on axioms: [propext]
'CRRGClassical.admitted_cites_new' depends on axioms: [propext, Quot.sound]
'CRRGClassical.dm_add_cancel' depends on axioms: [propext, Classical.choice, Quot.sound]
'CRRGClassical.dm_singleton_iff' depends on axioms: [propext, Classical.choice, Quot.sound]
'CRRGClassical.dm_aligned_singleton_iff' depends on axioms: [propext, Classical.choice, Quot.sound]
'CRRGClassical.dmCheck_sound_complete' depends on axioms: [propext, Classical.choice, Quot.sound]
'CRRGClassical.withComputedCert_credited_iff' depends on axioms: [propext, Classical.choice, Quot.sound]
'CRRGClassical.dmlt_le_some' depends on axioms: [propext, Classical.choice, Quot.sound]
'CRRGClassical.record_le_root' depends on axioms: [propext, Classical.choice, Quot.sound]
'CRRGClassical.credited_le_root' depends on axioms: [propext, Classical.choice, Quot.sound]
'CRRGClassical.top_root_credit' depends on axioms: [propext, Classical.choice, Quot.sound]
'CRRGClassical.creditOf_top_iff' depends on axioms: [propext, Classical.choice, Quot.sound]
'CRRGClassical.no_infinite_credits_stutter' depends on axioms: [propext, Classical.choice, Quot.sound]
'CRRGClassical.dichotomy' depends on axioms: [propext, Classical.choice, Quot.sound]
'CRRGClassical.faithful_newConflict_refuted' depends on axioms: [propext, Quot.sound]
'CRRGClassical.lane_progress_unparks' depends on axioms: [propext, Quot.sound]
'CRRGClassical.lane_projection_faithful' depends on axioms: [propext, Quot.sound]
'CRRGClassical.gate_lane_dichotomy' depends on axioms: [propext, Classical.choice, Quot.sound]
'CRRGClassical.RegionProgress.root_iff_open' depends on axioms: [propext, Classical.choice, Quot.sound]
'CRRGClassical.RegionProgress.frontier_counterexample_refutes_root' depends on axioms: [propext,
 Classical.choice,
 Quot.sound]
'CRRGClassical.RegionProgress.split_close_bound' depends on axioms: [propext, Classical.choice, Quot.sound]
'CRRGClassical.RegionProgress.empty_root_zero_steps' depends on axioms: [propext, Classical.choice, Quot.sound]
'CRRGClassical.RegionProgress.split_weight_conserved' depends on axioms: [propext, Classical.choice, Quot.sound]
'CRRGClassical.RegionProgress.close_weight_decreases' depends on axioms: [propext, Classical.choice, Quot.sound]
