# crrg-core build log
# lean --version: Lean (version 4.30.0, arm64-apple-darwin24.6.0, commit d024af099ca4bf2c86f649261ebf59565dc8c622, Release)
# lean-toolchain: leanprover/lean4:v4.30.0
# dependencies: none (no 'require' in lakefile.lean; Lean core only, no Mathlib)
# command: ./build.sh  (clean: .lake/build removed first; then lake build CRRGCore, CRRGTools, CRRGExamples; then the seal probes; then the runner suite)

## lake build CRRGCore
✔ [2/8] Built CRRGCore.Basic (213ms)
✔ [3/8] Built CRRGCore.Easier (258ms)
✔ [4/8] Built CRRGCore.Guarded (251ms)
✔ [5/8] Built CRRGCore.State (467ms)
✔ [6/8] Built CRRGCore.Route (144ms)
✔ [7/8] Built CRRGCore (137ms)
Build completed successfully (8 jobs).
exit: 0

## lake build CRRGTools
✔ [8/11] Built CRRGTools.Seal (937ms)
✔ [9/11] Built CRRGTools.Runner (806ms)
✔ [10/11] Built CRRGTools (577ms)
Build completed successfully (11 jobs).
exit: 0

## families/gen_lean.py --check (the JSON-derived Lean data is up to date with families/demo.json)
FamilyDemoJson.lean is up to date with families/demo.json
exit: 0

## lake build CRRGExamples
✔ [11/22] Built CRRGExamples.Lane (207ms)
ℹ [12/22] Built CRRGExamples.Axioms (314ms)
info: CRRGExamples/Axioms.lean:8:0: 'CRRGCore.Frontier.replaceAt_transition' depends on axioms: [propext, Quot.sound]
info: CRRGExamples/Axioms.lean:9:0: 'CRRGCore.Chain.closeRoot' does not depend on any axioms
info: CRRGExamples/Axioms.lean:10:0: 'CRRGCore.Frontier.dead_of_refuted' does not depend on any axioms
info: CRRGExamples/Axioms.lean:12:0: 'CRRGCore.Label.lt_wf' does not depend on any axioms
info: CRRGExamples/Axioms.lean:13:0: 'CRRGCore.Step.acc_append' depends on axioms: [propext, Quot.sound]
info: CRRGExamples/Axioms.lean:14:0: 'CRRGCore.Step.wf' depends on axioms: [propext, Quot.sound]
info: CRRGExamples/Axioms.lean:15:0: 'CRRGCore.labelStep_wf' depends on axioms: [propext, Quot.sound]
info: CRRGExamples/Axioms.lean:16:0: 'CRRGCore.PermStep.wf' depends on axioms: [propext, Quot.sound]
info: CRRGExamples/Axioms.lean:17:0: 'CRRGCore.DMLt.wf' depends on axioms: [propext, Quot.sound]
info: CRRGExamples/Axioms.lean:18:0: 'CRRGCore.MechCert.settle' does not depend on any axioms
info: CRRGExamples/Axioms.lean:19:0: 'CRRGCore.Label.not_lt_top_top' does not depend on any axioms
info: CRRGExamples/Axioms.lean:20:0: 'CRRGCore.Label.not_lt_cross' does not depend on any axioms
info: CRRGExamples/Axioms.lean:21:0: 'CRRGCore.residual_sufficient' does not depend on any axioms
info: CRRGExamples/Axioms.lean:22:0: 'CRRGCore.Family.close_of_step' depends on axioms: [propext, Quot.sound]
info: CRRGExamples/Axioms.lean:24:0: 'CRRGCore.GuardedMap.toSplit' depends on axioms: [propext]
info: CRRGExamples/Axioms.lean:25:0: 'CRRGCore.EscapeMap.toSplit' depends on axioms: [propext]
info: CRRGExamples/Axioms.lean:26:0: 'CRRGCore.GuardedEdge.toSplit' depends on axioms: [propext]
info: CRRGExamples/Axioms.lean:27:0: 'CRRGCore.guardedComp' depends on axioms: [propext]
info: CRRGExamples/Axioms.lean:28:0: 'CRRGCore.guardedComp_escapes' depends on axioms: [propext]
info: CRRGExamples/Axioms.lean:29:0: 'CRRGCore.hidden_debt_not_edge' does not depend on any axioms
info: CRRGExamples/Axioms.lean:30:0: 'CRRGCore.withEdgeLeaf' does not depend on any axioms
info: CRRGExamples/Axioms.lean:31:0: 'CRRGCore.rangeSplit' depends on axioms: [propext, Quot.sound]
info: CRRGExamples/Axioms.lean:33:0: 'CRRGCore.State.commit' depends on axioms: [propext, Quot.sound]
info: CRRGExamples/Axioms.lean:34:0: 'CRRGCore.State.commit_transition' depends on axioms: [propext, Quot.sound]
info: CRRGExamples/Axioms.lean:35:0: 'CRRGCore.State.commit_no_conflict' depends on axioms: [propext, Quot.sound]
info: CRRGExamples/Axioms.lean:36:0: 'CRRGCore.State.creditOf_sound' depends on axioms: [propext, Quot.sound]
info: CRRGExamples/Axioms.lean:37:0: 'CRRGCore.State.commit_credit_record' depends on axioms: [propext, Quot.sound]
info: CRRGExamples/Axioms.lean:38:0: 'CRRGCore.State.commit_rootRefuted' depends on axioms: [propext, Quot.sound]
info: CRRGExamples/Axioms.lean:39:0: 'CRRGCore.State.no_infinite_credits' depends on axioms: [propext, Quot.sound]
info: CRRGExamples/Axioms.lean:40:0: 'CRRGCore.Move.closeByComputation' depends on axioms: [propext, Quot.sound]
info: CRRGExamples/Axioms.lean:41:0: 'CRRGCore.State.easierSucc_wf' depends on axioms: [propext, Quot.sound]
info: CRRGExamples/Axioms.lean:42:0: 'CRRGCore.State.refute' depends on axioms: [propext, Quot.sound]
info: CRRGExamples/Axioms.lean:43:0: 'CRRGCore.State.learn' depends on axioms: [propext, Quot.sound]
info: CRRGExamples/Axioms.lean:44:0: 'CRRGCore.State.rootRefuted_sound' depends on axioms: [propext, Quot.sound]
info: CRRGExamples/Axioms.lean:45:0: 'CRRGCore.resolve_claims' depends on axioms: [propext, Quot.sound]
info: CRRGExamples/Axioms.lean:47:0: 'CRRGCore.CertRoute.closes' depends on axioms: [propext, Quot.sound]
info: CRRGExamples/Axioms.lean:48:0: 'CRRGCore.CertRoute.refuted' depends on axioms: [propext, Quot.sound]
✔ [13/22] Built CRRGExamples.NoMeta (256ms)
✔ [14/22] Built CRRGExamples.Basic (369ms)
✔ [15/22] Built CRRGExamples.CruxFamily (690ms)
✔ [16/22] Built CRRGExamples.Negatives (428ms)
✔ [17/22] Built CRRGExamples.FamilyDemoJson (180ms)
✔ [18/22] Built CRRGExamples.FamilyAgreement (222ms)
✔ [19/22] Built CRRGExamples.Lineage (6.9s)
ℹ [20/22] Built CRRGExamples.Audit (7.1s)
info: CRRGExamples/Audit.lean:20:0: crrg mechanical certificate audited: CRRGExamples.evenCert, axioms []
info: CRRGExamples/Audit.lean:44:0: crrg restatement detected (D1): CRRGExamples.ListBound ≡ CRRGExamples.ClassCap
info: CRRGExamples/Audit.lean:52:0: crrg seal CRRGExamples.ListBound: 6040959509963729131 (closure of 1 declarations)
info: CRRGExamples/Audit.lean:53:0: crrg seal CRRGExamples.ClassCap: 7624095962929053473 (closure of 1 declarations)
info: CRRGExamples/Audit.lean:92:0: crrg definitions agree (R1): CRRGExamples.Leaf
info: CRRGExamples/Audit.lean:109:0: crrg lineage ok: no constant outside CRRGCore references a private core name
info: CRRGExamples/Audit.lean:132:0: crrg admission: D1 clean (1 fresh claims)
info: CRRGExamples/Audit.lean:140:0: crrg admission: D1 clean; reuse keys for definitionally equal fresh claims: [0, 2]
✔ [21/22] Built CRRGExamples (637ms)
Build completed successfully (22 jobs).
exit: 0

## seal probes (probes/seal/run.sh): each before/after pair must differ
seal probe rename: before [crrg seal Probe.Rename.target: 5773440454796889770] after [crrg seal Probe.Rename.target: 4798591840051509873] -> DIFFERENT
seal probe shape: before [crrg seal Probe.Shape.root: 14008864835774671097] after [crrg seal Probe.Shape.root: 14855723734147778202] -> DIFFERENT
exit: 0

## runner suite (runner/run_tests.py; details in runner/TESTS.log)
47/47 runs as expected (45 cases; forgery cases also run with the lint bypassed)
exit: 0

## summary
headline declarations with #print axioms: 37
of which depend on Classical.choice: 0
axiom sets in the report: [propext, Quot.sound] [propext] plus 9 declarations with no axioms
'sorry' in CRRGCore sources: 0
'import Lean' in the certified library (CRRGCore.lean, CRRGCore/*.lean):        0
imports of CRRGCore modules: import CRRGCore.Basic import CRRGCore.Easier import CRRGCore.Guarded import CRRGCore.Route import CRRGCore.State 
#guard_msgs negative controls in CRRGExamples: CRRGExamples/Audit.lean:9 CRRGExamples/Axioms.lean:0 CRRGExamples/Basic.lean:0 CRRGExamples/CruxFamily.lean:0 CRRGExamples/FamilyAgreement.lean:0 CRRGExamples/FamilyDemoJson.lean:0 CRRGExamples/Lane.lean:0 CRRGExamples/Lineage.lean:1 CRRGExamples/Negatives.lean:0 CRRGExamples/NoMeta.lean:1 
'sorry' in CRRGExamples sources: only inside the two #guard_msgs negative controls of Audit.lean (forged-state attempts that must FAIL to elaborate; nothing containing sorry enters the environment): CRRGExamples/Audit.lean:98 CRRGExamples/Audit.lean:104 CRRGExamples/Audit.lean:105 
